> cd /workspace && cargo check 2>&1
   Compiling cudarc v0.19.4
   Compiling generic-array v0.14.7
   Compiling num_cpus v1.17.0
   Compiling serde_json v1.0.149
   Compiling which v7.0.3
   Compiling fs2 v0.4.3
error: failed to run custom build command for `cudarc v0.19.4`

Caused by:
  process didn't exit successfully: `/workspace/target/debug/build/cudarc-d404bb042a6acd7c/build-script-build` (exit status: 101)
  --- stdout
  cargo:rerun-if-changed=build.rs
  cargo:rerun-if-env-changed=CUDARC_CUDA_VERSION
  cargo:rerun-if-env-changed=CUDA_HOME
  cargo:rerun-if-env-changed=CUDA_PATH
  cargo:rerun-if-env-changed=CUDA_ROOT
  cargo:rerun-if-env-changed=CUDA_TOOLKIT_ROOT_DIR
  cargo:rerun-if-env-changed=CUDNN_LIB

  --- stderr

  thread 'main' (5204) panicked at /home/agent/.cargo/registry/src/index.crates.io-1949cf8c6b5b557f/cudarc-0.19.4/build.rs:125:13:
  `nvcc --version` failed.
  Err(Os { code: 2, kind: NotFound, message: "No such file or directory" })
  note: run with `RUST_BACKTRACE=1` environment variable to display a backtrace
warning: build failed, waiting for other jobs to finish...
