> cd /workspace && git pull
remote: Enumerating objects: 86, done.
remote: Counting objects:   4% (1/25)remote: Counting objects:   8% (2/25)remote: Counting objects:  12% (3/25)remote: Counting objects:  16% (4/25)remote: Counting objects:  20% (5/25)remote: Counting objects:  24% (6/25)remote: Counting objects:  28% (7/25)remote: Counting objects:  32% (8/25)remote: Counting objects:  36% (9/25)remote: Counting objects:  40% (10/25)remote: Counting objects:  44% (11/25)remote: Counting objects:  48% (12/25)remote: Counting objects:  52% (13/25)remote: Counting objects:  56% (14/25)remote: Counting objects:  60% (15/25)remote: Counting objects:  64% (16/25)remote: Counting objects:  68% (17/25)remote: Counting objects:  72% (18/25)remote: Counting objects:  76% (19/25)remote: Counting objects:  80% (20/25)remote: Counting objects:  84% (21/25)remote: Counting objects:  88% (22/25)remote: Counting objects:  92% (23/25)remote: Counting objects:  96% (24/25)remote: Counting objects: 100% (25/25)remote: Counting objects: 100% (25/25), done.
Unpacking objects:   1% (1/86)Unpacking objects:   2% (2/86)Unpacking objects:   3% (3/86)Unpacking objects:   4% (4/86)Unpacking objects:   5% (5/86)Unpacking objects:   6% (6/86)Unpacking objects:   8% (7/86)Unpacking objects:   9% (8/86)Unpacking objects:  10% (9/86)Unpacking objects:  11% (10/86)Unpacking objects:  12% (11/86)Unpacking objects:  13% (12/86)Unpacking objects:  15% (13/86)Unpacking objects:  16% (14/86)Unpacking objects:  17% (15/86)Unpacking objects:  18% (16/86)Unpacking objects:  19% (17/86)Unpacking objects:  20% (18/86)Unpacking objects:  22% (19/86)Unpacking objects:  23% (20/86)Unpacking objects:  24% (21/86)Unpacking objects:  25% (22/86)Unpacking objects:  26% (23/86)Unpacking objects:  27% (24/86)Unpacking objects:  29% (25/86)Unpacking objects:  30% (26/86)Unpacking objects:  31% (27/86)Unpacking objects:  32% (28/86)Unpacking objects:  33% (29/86), 412.00 KiB | 653.00 KiB/sUnpacking objects:  34% (30/86), 412.00 KiB | 653.00 KiB/sUnpacking objects:  36% (31/86), 2.28 MiB | 2.01 MiB/s    Unpacking objects:  37% (32/86), 2.28 MiB | 2.01 MiB/sUnpacking objects:  38% (33/86), 2.28 MiB | 2.01 MiB/sUnpacking objects:  39% (34/86), 2.28 MiB | 2.01 MiB/sUnpacking objects:  40% (35/86), 5.14 MiB | 3.14 MiB/sUnpacking objects:  41% (36/86), 5.14 MiB | 3.14 MiB/sUnpacking objects:  43% (37/86), 5.14 MiB | 3.14 MiB/sUnpacking objects:  44% (38/86), 7.97 MiB | 3.71 MiB/sUnpacking objects:  45% (39/86), 7.97 MiB | 3.71 MiB/sUnpacking objects:  46% (40/86), 7.97 MiB | 3.71 MiB/sUnpacking objects:  47% (41/86), 7.97 MiB | 3.71 MiB/sUnpacking objects:  48% (42/86), 7.97 MiB | 3.71 MiB/sUnpacking objects:  50% (43/86), 10.07 MiB | 3.79 MiB/sUnpacking objects:  51% (44/86), 10.07 MiB | 3.79 MiB/sUnpacking objects:  52% (45/86), 10.07 MiB | 3.79 MiB/sUnpacking objects:  53% (46/86), 10.07 MiB | 3.79 MiB/sUnpacking objects:  54% (47/86), 10.07 MiB | 3.79 MiB/sUnpacking objects:  55% (48/86), 10.07 MiB | 3.79 MiB/sUnpacking objects:  56% (49/86), 10.07 MiB | 3.79 MiB/sUnpacking objects:  58% (50/86), 10.07 MiB | 3.79 MiB/sUnpacking objects:  59% (51/86), 10.07 MiB | 3.79 MiB/sUnpacking objects:  60% (52/86), 10.07 MiB | 3.79 MiB/sUnpacking objects:  61% (53/86), 10.07 MiB | 3.79 MiB/sUnpacking objects:  62% (54/86), 10.07 MiB | 3.79 MiB/sUnpacking objects:  63% (55/86), 10.07 MiB | 3.79 MiB/sUnpacking objects:  65% (56/86), 10.07 MiB | 3.79 MiB/sUnpacking objects:  66% (57/86), 10.07 MiB | 3.79 MiB/sUnpacking objects:  67% (58/86), 11.17 MiB | 3.49 MiB/sUnpacking objects:  68% (59/86), 11.17 MiB | 3.49 MiB/sremote: Total 86 (delta 24), reused 25 (delta 24), pack-reused 61 (from 1)
Unpacking objects:  69% (60/86), 11.17 MiB | 3.49 MiB/sUnpacking objects:  70% (61/86), 11.17 MiB | 3.49 MiB/sUnpacking objects:  72% (62/86), 11.17 MiB | 3.49 MiB/sUnpacking objects:  73% (63/86), 11.17 MiB | 3.49 MiB/sUnpacking objects:  74% (64/86), 11.17 MiB | 3.49 MiB/sUnpacking objects:  75% (65/86), 11.17 MiB | 3.49 MiB/sUnpacking objects:  76% (66/86), 11.17 MiB | 3.49 MiB/sUnpacking objects:  77% (67/86), 11.17 MiB | 3.49 MiB/sUnpacking objects:  79% (68/86), 11.17 MiB | 3.49 MiB/sUnpacking objects:  80% (69/86), 11.17 MiB | 3.49 MiB/sUnpacking objects:  81% (70/86), 11.17 MiB | 3.49 MiB/sUnpacking objects:  82% (71/86), 11.17 MiB | 3.49 MiB/sUnpacking objects:  83% (72/86), 11.17 MiB | 3.49 MiB/sUnpacking objects:  84% (73/86), 11.17 MiB | 3.49 MiB/sUnpacking objects:  86% (74/86), 11.17 MiB | 3.49 MiB/sUnpacking objects:  87% (75/86), 11.17 MiB | 3.49 MiB/sUnpacking objects:  88% (76/86), 11.17 MiB | 3.49 MiB/sUnpacking objects:  89% (77/86), 11.17 MiB | 3.49 MiB/sUnpacking objects:  90% (78/86), 11.17 MiB | 3.49 MiB/sUnpacking objects:  91% (79/86), 11.17 MiB | 3.49 MiB/sUnpacking objects:  93% (80/86), 11.17 MiB | 3.49 MiB/sUnpacking objects:  94% (81/86), 11.17 MiB | 3.49 MiB/sUnpacking objects:  95% (82/86), 11.17 MiB | 3.49 MiB/sUnpacking objects:  96% (83/86), 11.17 MiB | 3.49 MiB/sUnpacking objects:  97% (84/86), 11.17 MiB | 3.49 MiB/sUnpacking objects:  98% (85/86), 11.17 MiB | 3.49 MiB/sUnpacking objects: 100% (86/86), 11.17 MiB | 3.49 MiB/sUnpacking objects: 100% (86/86), 11.39 MiB | 3.43 MiB/s, done.
From github.com:LYK-ce/Pleiades
   db5a128..98edf58  reforge    -> origin/reforge
Updating db5a128..98edf58
Fast-forward
 .zgent/cmd-output/term-1-3fa5b4db-9763-4091-9f8d-7306508cd792.log  |   3 +
 .zgent/cmd-output/term-1-5a21a948-67ec-497c-a3c0-fc78a00d11f1.log  |   3 +
 .zgent/cmd-output/term-1-663526fb-f414-4225-a6fa-83ad2d3f1bb4.log  |   8 +
 .zgent/cmd-output/term-1-68180a50-2ec8-43b9-a070-37a1f7c70593.log  |   5 +
 .zgent/cmd-output/term-1-80a3032c-4391-42d4-95c7-fee57a279008.log  |   3 +
 .zgent/cmd-output/term-1-867d1986-41a1-442d-aa42-f6125f3ab4a0.log  |   3 +
 .zgent/cmd-output/term-10-48413e5e-d65e-4a80-b6dd-b1dab163df6c.log | 135 +++++++++
 .zgent/cmd-output/term-2-31e74d8b-11aa-47ef-9127-0990d2d2ebaf.log  | 672 +++++++++++++++++++++++++++++++++++++++++++++
 .zgent/cmd-output/term-3-d3ac99ef-6230-4442-927a-cdfedc0f6a89.log  | 340 +++++++++++++++++++++++
 .zgent/cmd-output/term-4-045de607-4d7f-4377-b88a-b144e4e7305b.log  |  10 +
 .zgent/cmd-output/term-4-33ba046e-19a8-4b03-8867-a7127773f65a.log  |  15 +
 .zgent/cmd-output/term-4-3c6979ea-ff53-4ecb-99d9-9bb28ac37f74.log  |   2 +
 .zgent/cmd-output/term-4-623a37cc-5042-4d7f-a412-17d3842ca145.log  |   8 +
 .zgent/cmd-output/term-4-709a06cd-a5dc-4d90-83a4-7dd8bbf047de.log  |   3 +
 .zgent/cmd-output/term-4-ed8a6fdf-7e3b-4e62-a0b2-56acf6cdbafa.log  |   9 +
 .zgent/cmd-output/term-5-50fe02c4-2b7c-4ca2-a7f5-b2c625a19763.log  |   1 +
 .zgent/cmd-output/term-6-9ad39375-e667-4559-aa80-606d5829de7b.log  |   4 +
 .zgent/cmd-output/term-7-485870df-1ae8-4979-828f-5e2952dd874f.log  |  67 +++++
 .zgent/cmd-output/term-8-71415db3-e156-400c-9dcf-7b81ad46c4af.log  |   1 +
 .zgent/cmd-output/term-8-e5ad6e13-838a-4eff-aee8-f2b20545e8f5.log  |  14 +
 .zgent/cmd-output/term-9-9169951a-b60b-4785-bc33-fa5ddbd9ee1a.log  | 595 +++++++++++++++++++++++++++++++++++++++
 .zgent/terminal-output/term-10.bin                                 |   1 +
 .zgent/terminal-output/term-2.bin                                  | 632 +++++++++++++++++++++++++++++++++++++++++-
 .zgent/terminal-output/term-3.bin                                  | 344 ++++++++++++++++++++++-
 .zgent/terminal-output/term-4.bin                                  |  40 +++
 .zgent/terminal-output/term-5.bin                                  |   1 +
 .zgent/terminal-output/term-6.bin                                  |   4 +
 .zgent/terminal-output/term-7.bin                                  |  55 ++++
 .zgent/terminal-output/term-8.bin                                  |  15 +
 .zgent/terminal-output/term-9.bin                                  | 452 ++++++++++++++++++++++++++++++
 .zgent/tts-audio/00d9b316-af95-4d7b-9fa0-e06e05fc8864.mp3          | Bin 0 -> 717165 bytes
 .zgent/tts-audio/020e0d68-88db-403d-91c2-178f37a84d28.mp3          | Bin 0 -> 987885 bytes
 .zgent/tts-audio/09be2732-7348-4519-8f62-88f7b7ddf27d.mp3          | Bin 0 -> 1393965 bytes
 .zgent/tts-audio/0c61cb82-435c-4c1c-996b-74e5c7337df4.mp3          | Bin 0 -> 1499949 bytes
 .zgent/tts-audio/15bc154a-b15d-425f-8f29-26e470cac533.mp3          | Bin 0 -> 379629 bytes
 .zgent/tts-audio/1c3d98bd-bcea-42b6-bf4f-054b1f9bbc82.mp3          | Bin 0 -> 75501 bytes
 .zgent/tts-audio/2305adcb-5fe3-44da-ab36-46544c5b809a.mp3          | Bin 0 -> 1645677 bytes
 .zgent/tts-audio/676c667d-fd66-4220-a428-42b08fc7af8a.mp3          | Bin 0 -> 1877229 bytes
 .zgent/tts-audio/757d3a1f-b793-40e4-ad14-131dc9678567.mp3          | Bin 0 -> 216045 bytes
 .zgent/tts-audio/87ee6c4d-d738-493a-bc3d-878b53473d6f.mp3          | Bin 0 -> 1233261 bytes
 .zgent/tts-audio/a7843c07-94a6-4340-8194-dbffab5a7cf7.mp3          | Bin 0 -> 60525 bytes
 .zgent/tts-audio/cca18a9d-aa5d-437d-80cf-21e0bd42fe12.mp3          | Bin 0 -> 296109 bytes
 .zgent/tts-audio/e66df728-4fb8-4274-886b-9f1da986ac75.mp3          | Bin 0 -> 592173 bytes
 .zgent/tts-audio/f4082a7b-9e88-4556-aedd-9e1beb7e9fbc.mp3          | Bin 0 -> 903789 bytes
 .zgent/tts-audio/fa7325e2-4fa1-4829-89ba-3289c9213b2f.mp3          | Bin 0 -> 190701 bytes
 Cargo.lock                                                         |   1 +
 Src/Network/File_Stream/protocol.rs                                |  41 ++-
 Src/Network/capability.rs                                          |  11 +-
 Src/Network/network_service.rs                                     |   1 +
 Src/Orchestrator/core.rs                                           |   2 +-
 Src/Orchestrator/core/branch_user.rs                               |   4 +-
 Src/{Lua => VM}/capability_binding.rs                              |   4 +-
 Src/{Lua => VM}/engine.rs                                          |   2 +-
 Src/{Lua => VM}/mod.rs                                             |   0
 Src/{Lua => VM}/network_stream.rs                                  |   0
 Src/{Lua => VM}/registry.rs                                        |   0
 Src/{Lua => VM}/storage_handle.rs                                  |   0
 Src/lib.rs                                                         |   4 +-
 Workbook/workbook_2026_05_19.md                                    |  15 +
 uploads/voice-1778910288487.webm                                   | Bin 43470 -> 0 bytes
 uploads/voice-1778910656767.webm                                   | Bin 40224 -> 0 bytes
 uploads/voice-1778910727520.webm                                   | Bin 146409 -> 0 bytes
 uploads/voice-1778911348075.webm                                   | Bin 22531 -> 0 bytes
 uploads/voice-1778911496561.webm                                   | Bin 57975 -> 0 bytes
 uploads/voice-1778911550457.webm                                   | Bin 335587 -> 0 bytes
 uploads/voice-1778912133209.webm                                   | Bin 272559 -> 0 bytes
 uploads/voice-1778912274365.webm                                   | Bin 255903 -> 0 bytes
 uploads/voice-1778912446370.webm                                   | Bin 48880 -> 0 bytes
 uploads/voice-1778912527863.webm                                   | Bin 50888 -> 0 bytes
 uploads/voice-1778912634832.webm                                   | Bin 42168 -> 0 bytes
 uploads/voice-1778912851105.webm                                   | Bin 178265 -> 0 bytes
 uploads/voice-1778912898985.webm                                   | Bin 93197 -> 0 bytes
 uploads/voice-1778913029416.webm                                   | Bin 242443 -> 0 bytes
 uploads/voice-1778913055085.webm                                   | Bin 26063 -> 0 bytes
 uploads/voice-1778913466757.webm                                   | Bin 70478 -> 0 bytes
 uploads/voice-1778913575422.webm                                   | Bin 17717 -> 0 bytes
 uploads/voice-1778913934957.webm                                   | Bin 42194 -> 0 bytes
 uploads/voice-1778913991694.webm                                   | Bin 38302 -> 0 bytes
 uploads/voice-1778914045263.webm                                   | Bin 108446 -> 0 bytes
 uploads/voice-1778914126927.webm                                   | Bin 43863 -> 0 bytes
 uploads/voice-1778914196814.webm                                   | Bin 206948 -> 0 bytes
 uploads/voice-1778914254573.webm                                   | Bin 53791 -> 0 bytes
 uploads/voice-1778914288996.webm                                   | Bin 90647 -> 0 bytes
 uploads/voice-1778914337337.webm                                   | Bin 25700 -> 0 bytes
 uploads/voice-1778914671781.webm                                   | Bin 247322 -> 0 bytes
 uploads/voice-1778914675902.webm                                   | Bin 13187 -> 0 bytes
 uploads/voice-1778914697023.webm                                   | Bin 12227 -> 0 bytes
 uploads/voice-1778914843374.webm                                   | Bin 97257 -> 0 bytes
 uploads/voice-1778914979260.webm                                   | Bin 45460 -> 0 bytes
 uploads/voice-1778915041645.webm                                   | Bin 161946 -> 0 bytes
 uploads/voice-1778915108080.webm                                   | Bin 35731 -> 0 bytes
 uploads/voice-1778915565228.webm                                   | Bin 34464 -> 0 bytes
 uploads/voice-1778915624665.webm                                   | Bin 20346 -> 0 bytes
 uploads/voice-1778915998721.webm                                   | Bin 94234 -> 0 bytes
 uploads/voice-1778916711411.webm                                   | Bin 4357 -> 0 bytes
 uploads/voice-1778916747224.webm                                   | Bin 74390 -> 0 bytes
 uploads/voice-1778919453283.webm                                   | Bin 22268 -> 0 bytes
 uploads/voice-1778927273574.webm                                   | Bin 166104 -> 0 bytes
 uploads/voice-1778927319949.webm                                   | Bin 91994 -> 0 bytes
 uploads/voice-1778927363890.webm                                   | Bin 81146 -> 0 bytes
 uploads/voice-1778927406813.webm                                   | Bin 66557 -> 0 bytes
 uploads/voice-1778927476943.webm                                   | Bin 77186 -> 0 bytes
 uploads/voice-1778927501519.webm                                   | Bin 65639 -> 0 bytes
 uploads/voice-1778927629433.webm                                   | Bin 221225 -> 0 bytes
 uploads/voice-1778927706487.webm                                   | Bin 41553 -> 0 bytes
 uploads/voice-1778927871085.webm                                   | Bin 144712 -> 0 bytes
 uploads/voice-1778927964835.webm                                   | Bin 198920 -> 0 bytes
 uploads/voice-1778928008278.webm                                   | Bin 250467 -> 0 bytes
 uploads/voice-1778928047223.webm                                   | Bin 52408 -> 0 bytes
 uploads/voice-1778934820151.webm                                   | Bin 16446 -> 0 bytes
 110 files changed, 3511 insertions(+), 19 deletions(-)
 create mode 100644 .zgent/cmd-output/term-1-3fa5b4db-9763-4091-9f8d-7306508cd792.log
 create mode 100644 .zgent/cmd-output/term-1-5a21a948-67ec-497c-a3c0-fc78a00d11f1.log
 create mode 100644 .zgent/cmd-output/term-1-663526fb-f414-4225-a6fa-83ad2d3f1bb4.log
 create mode 100644 .zgent/cmd-output/term-1-68180a50-2ec8-43b9-a070-37a1f7c70593.log
 create mode 100644 .zgent/cmd-output/term-1-80a3032c-4391-42d4-95c7-fee57a279008.log
 create mode 100644 .zgent/cmd-output/term-1-867d1986-41a1-442d-aa42-f6125f3ab4a0.log
 create mode 100644 .zgent/cmd-output/term-10-48413e5e-d65e-4a80-b6dd-b1dab163df6c.log
 create mode 100644 .zgent/cmd-output/term-2-31e74d8b-11aa-47ef-9127-0990d2d2ebaf.log
 create mode 100644 .zgent/cmd-output/term-3-d3ac99ef-6230-4442-927a-cdfedc0f6a89.log
 create mode 100644 .zgent/cmd-output/term-4-045de607-4d7f-4377-b88a-b144e4e7305b.log
 create mode 100644 .zgent/cmd-output/term-4-33ba046e-19a8-4b03-8867-a7127773f65a.log
 create mode 100644 .zgent/cmd-output/term-4-3c6979ea-ff53-4ecb-99d9-9bb28ac37f74.log
 create mode 100644 .zgent/cmd-output/term-4-623a37cc-5042-4d7f-a412-17d3842ca145.log
 create mode 100644 .zgent/cmd-output/term-4-709a06cd-a5dc-4d90-83a4-7dd8bbf047de.log
 create mode 100644 .zgent/cmd-output/term-4-ed8a6fdf-7e3b-4e62-a0b2-56acf6cdbafa.log
 create mode 100644 .zgent/cmd-output/term-5-50fe02c4-2b7c-4ca2-a7f5-b2c625a19763.log
 create mode 100644 .zgent/cmd-output/term-6-9ad39375-e667-4559-aa80-606d5829de7b.log
 create mode 100644 .zgent/cmd-output/term-7-485870df-1ae8-4979-828f-5e2952dd874f.log
 create mode 100644 .zgent/cmd-output/term-8-71415db3-e156-400c-9dcf-7b81ad46c4af.log
 create mode 100644 .zgent/cmd-output/term-8-e5ad6e13-838a-4eff-aee8-f2b20545e8f5.log
 create mode 100644 .zgent/cmd-output/term-9-9169951a-b60b-4785-bc33-fa5ddbd9ee1a.log
 create mode 100644 .zgent/terminal-output/term-10.bin
 create mode 100644 .zgent/terminal-output/term-4.bin
 create mode 100644 .zgent/terminal-output/term-5.bin
 create mode 100644 .zgent/terminal-output/term-6.bin
 create mode 100644 .zgent/terminal-output/term-7.bin
 create mode 100644 .zgent/terminal-output/term-8.bin
 create mode 100644 .zgent/terminal-output/term-9.bin
 create mode 100644 .zgent/tts-audio/00d9b316-af95-4d7b-9fa0-e06e05fc8864.mp3
 create mode 100644 .zgent/tts-audio/020e0d68-88db-403d-91c2-178f37a84d28.mp3
 create mode 100644 .zgent/tts-audio/09be2732-7348-4519-8f62-88f7b7ddf27d.mp3
 create mode 100644 .zgent/tts-audio/0c61cb82-435c-4c1c-996b-74e5c7337df4.mp3
 create mode 100644 .zgent/tts-audio/15bc154a-b15d-425f-8f29-26e470cac533.mp3
 create mode 100644 .zgent/tts-audio/1c3d98bd-bcea-42b6-bf4f-054b1f9bbc82.mp3
 create mode 100644 .zgent/tts-audio/2305adcb-5fe3-44da-ab36-46544c5b809a.mp3
 create mode 100644 .zgent/tts-audio/676c667d-fd66-4220-a428-42b08fc7af8a.mp3
 create mode 100644 .zgent/tts-audio/757d3a1f-b793-40e4-ad14-131dc9678567.mp3
 create mode 100644 .zgent/tts-audio/87ee6c4d-d738-493a-bc3d-878b53473d6f.mp3
 create mode 100644 .zgent/tts-audio/a7843c07-94a6-4340-8194-dbffab5a7cf7.mp3
 create mode 100644 .zgent/tts-audio/cca18a9d-aa5d-437d-80cf-21e0bd42fe12.mp3
 create mode 100644 .zgent/tts-audio/e66df728-4fb8-4274-886b-9f1da986ac75.mp3
 create mode 100644 .zgent/tts-audio/f4082a7b-9e88-4556-aedd-9e1beb7e9fbc.mp3
 create mode 100644 .zgent/tts-audio/fa7325e2-4fa1-4829-89ba-3289c9213b2f.mp3
 rename Src/{Lua => VM}/capability_binding.rs (99%)
 rename Src/{Lua => VM}/engine.rs (98%)
 rename Src/{Lua => VM}/mod.rs (100%)
 rename Src/{Lua => VM}/network_stream.rs (100%)
 rename Src/{Lua => VM}/registry.rs (100%)
 rename Src/{Lua => VM}/storage_handle.rs (100%)
 delete mode 100644 uploads/voice-1778910288487.webm
 delete mode 100644 uploads/voice-1778910656767.webm
 delete mode 100644 uploads/voice-1778910727520.webm
 delete mode 100644 uploads/voice-1778911348075.webm
 delete mode 100644 uploads/voice-1778911496561.webm
 delete mode 100644 uploads/voice-1778911550457.webm
 delete mode 100644 uploads/voice-1778912133209.webm
 delete mode 100644 uploads/voice-1778912274365.webm
 delete mode 100644 uploads/voice-1778912446370.webm
 delete mode 100644 uploads/voice-1778912527863.webm
 delete mode 100644 uploads/voice-1778912634832.webm
 delete mode 100644 uploads/voice-1778912851105.webm
 delete mode 100644 uploads/voice-1778912898985.webm
 delete mode 100644 uploads/voice-1778913029416.webm
 delete mode 100644 uploads/voice-1778913055085.webm
 delete mode 100644 uploads/voice-1778913466757.webm
 delete mode 100644 uploads/voice-1778913575422.webm
 delete mode 100644 uploads/voice-1778913934957.webm
 delete mode 100644 uploads/voice-1778913991694.webm
 delete mode 100644 uploads/voice-1778914045263.webm
 delete mode 100644 uploads/voice-1778914126927.webm
 delete mode 100644 uploads/voice-1778914196814.webm
 delete mode 100644 uploads/voice-1778914254573.webm
 delete mode 100644 uploads/voice-1778914288996.webm
 delete mode 100644 uploads/voice-1778914337337.webm
 delete mode 100644 uploads/voice-1778914671781.webm
 delete mode 100644 uploads/voice-1778914675902.webm
 delete mode 100644 uploads/voice-1778914697023.webm
 delete mode 100644 uploads/voice-1778914843374.webm
 delete mode 100644 uploads/voice-1778914979260.webm
 delete mode 100644 uploads/voice-1778915041645.webm
 delete mode 100644 uploads/voice-1778915108080.webm
 delete mode 100644 uploads/voice-1778915565228.webm
 delete mode 100644 uploads/voice-1778915624665.webm
 delete mode 100644 uploads/voice-1778915998721.webm
 delete mode 100644 uploads/voice-1778916711411.webm
 delete mode 100644 uploads/voice-1778916747224.webm
 delete mode 100644 uploads/voice-1778919453283.webm
 delete mode 100644 uploads/voice-1778927273574.webm
 delete mode 100644 uploads/voice-1778927319949.webm
 delete mode 100644 uploads/voice-1778927363890.webm
 delete mode 100644 uploads/voice-1778927406813.webm
 delete mode 100644 uploads/voice-1778927476943.webm
 delete mode 100644 uploads/voice-1778927501519.webm
 delete mode 100644 uploads/voice-1778927629433.webm
 delete mode 100644 uploads/voice-1778927706487.webm
 delete mode 100644 uploads/voice-1778927871085.webm
 delete mode 100644 uploads/voice-1778927964835.webm
 delete mode 100644 uploads/voice-1778928008278.webm
 delete mode 100644 uploads/voice-1778928047223.webm
 delete mode 100644 uploads/voice-1778934820151.webm
