cd /workspace && cargo check --no-default-features 2>&1
   Compiling quote v1.0.45
    Checking hashlink v0.10.0
   Compiling nix v0.30.1
    Checking rustix v1.1.4
    Checking parking_lot_core v0.9.12
    Checking generic-array v0.14.7
    Checking getrandom v0.3.4
    Checking getrandom v0.2.17
    Checking errno v0.3.14
    Checking mio v1.1.1
    Checking num-traits v0.2.19
    Checking socket2 v0.6.3
    Checking hashbrown v0.16.1
    Checking castaway v0.2.4
   Compiling onig_sys v69.9.1
   Compiling ring v0.17.14
    Checking serde_json v1.0.149
   Compiling which v8.0.2
    Checking regex v1.12.3
    Checking mio v0.8.11
    Checking time v0.3.47
    Checking num_cpus v1.17.0
    Checking memmap2 v0.9.10
    Checking socket2 v0.5.10
    Checking matchers v0.2.0
    Checking uint v0.10.0
    Checking fancy-regex v0.17.0
    Checking getrandom v0.4.2
    Checking fancy-regex v0.13.0
   Compiling blake3 v1.8.4
   Compiling syn v2.0.117
    Checking tracing-core v0.1.36
    Checking crossbeam-deque v0.8.6
    Checking netlink-packet-route v0.28.0
    Checking signal-hook-registry v1.4.8
    Checking rand_core v0.6.4
    Checking rand_core v0.9.5
    Building [===========>             ] 224/433: nix, generic-array, which, blake3(build), num_cpus, matchers, traci…    Checking parking_lot v0.12.5
    Building [===========>             ] 225/433: nix, generic-array, which, blake3(build), num_cpus, matchers, traci…    Building [============>            ] 226/433: nix, generic-array, which, blake3(build), num_cpus, matchers, traci…    Building [============>            ] 227/433: nix, generic-array, which, blake3(build), num_cpus, tracing-core, m…    Building [============>            ] 228/433: nix, generic-array, which, blake3(build), num_cpus, tracing-core, m…    Building [============>            ] 229/433: nix, generic-array, which, blake3(build), tracing-core, mio, getran…    Building [============>            ] 230/433: nix, generic-array, which, blake3(build), tracing-core, mio, getran…    Building [============>            ] 231/433: nix, generic-array, which, blake3(build), tracing-core, mio, crossb…    Building [============>            ] 232/433: nix, generic-array, which, blake3(build), tracing-core, mio, crossb…   Compiling luajit-src v210.7.1+18b087c
    Building [============>            ] 232/433: nix, generic-array, which, blake3(build), tracing-core, mio, crossb…    Building [============>            ] 233/433: nix, generic-array, blake3(build), tracing-core, mio, crossbeam-deq…    Building [============>            ] 234/433: nix, generic-array, blake3(build), tracing-core, mio, crossbeam-deq…    Building [============>            ] 235/433: nix, generic-array, blake3(build), tracing-core, mio, crossbeam-deq…    Checking rayon-core v1.13.0
    Building [============>            ] 236/433: nix, generic-array, blake3(build), tracing-core, mio, fancy-regex, …    Checking signal-hook v0.3.18
    Building [============>            ] 237/433: nix, generic-array, blake3(build), tracing-core, mio, fancy-regex, …    Building [============>            ] 238/433: nix, generic-array, blake3(build), tracing-core, mio, fancy-regex, …    Building [============>            ] 239/433: nix, generic-array, blake3(build), tracing-core, mio, fancy-regex, …    Building [============>            ] 240/433: nix, generic-array, blake3(build), tracing-core, mio, fancy-regex, …    Building [============>            ] 241/433: nix, generic-array, blake3(build), tracing-core, mio, fancy-regex, …    Building [============>            ] 242/433: nix, generic-array, blake3(build), tracing-core, fancy-regex, hashb…    Building [=============>           ] 243/433: nix, generic-array, blake3(build), tracing-core, fancy-regex, hashb…    Checking tracing-log v0.2.0
    Building [=============>           ] 244/433: nix, generic-array, blake3(build), fancy-regex, hashbrown, rustix, …    Checking crypto-common v0.1.7
    Checking block-buffer v0.10.4
    Building [=============>           ] 245/433: nix, blake3(build), fancy-regex, hashbrown, crypto-common, rustix, …    Building [=============>           ] 246/433: nix, blake3(build), hashbrown, crypto-common, rustix, ring(build), …    Checking signal-hook-mio v0.2.5
    Building [=============>           ] 247/433: signal-hook-mio, nix, blake3(build), hashbrown, crypto-common, rust…   Compiling mlua-sys v0.11.0-rc.1
    Building [=============>           ] 248/433: signal-hook-mio, nix, blake3(build), hashbrown, crypto-common, rust…    Building [=============>           ] 249/433: signal-hook-mio, nix, blake3(build), hashbrown, crypto-common, rust…    Checking chrono v0.4.44
    Building [=============>           ] 250/433: signal-hook-mio, nix, blake3(build), hashbrown, crypto-common, chro…    Building [=============>           ] 252/433: signal-hook-mio, nix, blake3(build), hashbrown, chrono, rustix, rin…    Checking digest v0.10.7
    Building [=============>           ] 253/433: signal-hook-mio, nix, blake3(build), hashbrown, chrono, rustix, rin…    Checking crossterm v0.27.0
    Building [=============>           ] 254/433: nix, blake3(build), hashbrown, chrono, rustix, ring(build), digest,…    Checking indexmap v2.13.0
    Checking lru v0.16.4
    Building [=============>           ] 255/433: nix, indexmap, blake3(build), chrono, rustix, ring(build), digest, …    Checking rayon v1.12.0
    Building [=============>           ] 256/433: nix, indexmap, blake3(build), rayon, chrono, rustix, ring(build), d…    Building [=============>           ] 257/433: nix, indexmap, blake3(build), rayon, chrono, rustix, ring(build), m…    Building [=============>           ] 258/433: nix, indexmap, blake3(build), rayon, chrono, rustix, ring(build), m…    Checking sha2 v0.10.9
    Checking hmac v0.12.1
    Building [=============>           ] 259/433: hmac, nix, indexmap, blake3(build), rayon, chrono, rustix, ring(bui…    Building [==============>          ] 260/433: hmac, nix, indexmap, blake3(build), rayon, chrono, rustix, ring(bui…    Building [==============>          ] 261/433: hmac, nix, indexmap, rayon, chrono, rustix, ring(build), mlua-sys(b…    Checking hkdf v0.12.4
    Building [==============>          ] 262/433: nix, indexmap, rayon, chrono, rustix, ring(build), mlua-sys(build),…    Building [==============>          ] 263/433: nix, indexmap, rayon, chrono, rustix, ring(build), mlua-sys(build),…    Building [==============>          ] 264/433: nix, indexmap, rayon, chrono, rustix, ring(build), mlua-sys(build),…    Building [==============>          ] 265/433: nix, indexmap, rayon, chrono, rustix, ring(build), mlua-sys(build),…    Building [==============>          ] 266/433: nix, indexmap, rayon, chrono, rustix, ring(build), mlua-sys(build),…    Checking zip v7.2.0
    Building [==============>          ] 267/433: nix, rayon, zip, chrono, rustix, ring(build), mlua-sys(build), onig…    Building [==============>          ] 268/433: nix, rayon, zip, chrono, rustix, ring(build), mlua-sys(build), onig…    Building [==============>          ] 269/433: rayon, zip, chrono, rustix, ring(build), mlua-sys(build), onig_sys(…    Checking tempfile v3.27.0
    Building [==============>          ] 270/433: tempfile, rayon, zip, chrono, ring(build), mlua-sys(build), onig_sy…    Building [==============>          ] 271/433: tempfile, rayon, zip, ring(build), mlua-sys(build), onig_sys(build)…    Building [==============>          ] 272/433: rayon, zip, ring(build), mlua-sys(build), onig_sys(build), netlink-…    Building [==============>          ] 273/433: rayon, ring(build), mlua-sys(build), onig_sys(build), netlink-packe…    Checking rayon-cond v0.4.0
    Checking sysinfo v0.33.1
    Building [==============>          ] 274/433: ring(build), mlua-sys(build), rayon-cond, onig_sys(build), netlink-…    Building [==============>          ] 275/433: ring(build), mlua-sys(build), onig_sys(build), netlink-packet-route…    Building [==============>          ] 276/433: ring(build), mlua-sys(build), onig_sys(build), netlink-packet-route…   Compiling snow v0.9.6
    Building [==============>          ] 277/433: mlua-sys(build), ring, onig_sys(build), netlink-packet-route, syn, …    Building [===============>         ] 278/433: mlua-sys(build), ring, onig_sys(build), netlink-packet-route, syn       Building [===============>         ] 279/433: mlua-sys(build), ring, onig_sys(build), syn                            Compiling synstructure v0.13.2
   Compiling darling_core v0.20.11
   Compiling darling_core v0.23.0
    Building [===============>         ] 279/433: darling_core, mlua-sys(build), darling_core, ring, onig_sys(build),…    Building [===============>         ] 280/433: darling_core, mlua-sys(build), darling_core, ring, onig_sys(build),…   Compiling zerocopy-derive v0.8.42
   Compiling serde_derive v1.0.228
   Compiling thiserror-impl v2.0.18
   Compiling zerofrom-derive v0.1.6
   Compiling yoke-derive v0.8.1
   Compiling futures-macro v0.3.32
   Compiling zerovec-derive v0.11.2
   Compiling displaydoc v0.2.5
   Compiling tracing-attributes v0.1.31
   Compiling zeroize_derive v1.4.3
   Compiling pin-project-internal v1.1.11
   Compiling curve25519-dalek-derive v0.1.1
   Compiling data-encoding-macro-internal v0.1.17
   Compiling tokio-macros v2.6.1
   Compiling bytemuck_derive v1.10.2
   Compiling match-lookup v0.1.2
   Compiling thiserror-impl v1.0.69
   Compiling libp2p-swarm-derive v0.35.1
   Compiling strum_macros v0.27.2
   Compiling monostate-impl v0.1.18
   Compiling derive_more-impl v2.1.1
   Compiling async-trait v0.1.89
   Compiling enum-as-inner v0.6.1
    Building [===============>         ] 281/433: match-lookup, libp2p-swarm-derive, data-encoding-macro-internal, de…    Building [===============>         ] 282/433: match-lookup, libp2p-swarm-derive, data-encoding-macro-internal, de…    Checking base256emoji v1.0.2
    Building [===============>         ] 283/433: libp2p-swarm-derive, data-encoding-macro-internal, derive_more-impl…    Checking data-encoding-macro v0.1.19
    Building [===============>         ] 284/433: libp2p-swarm-derive, derive_more-impl, async-trait, zerocopy-derive…    Checking monostate v0.1.18
    Building [===============>         ] 285/433: libp2p-swarm-derive, derive_more-impl, async-trait, zerocopy-derive…    Building [===============>         ] 286/433: libp2p-swarm-derive, derive_more-impl, async-trait, zerocopy-derive…    Checking zeroize v1.8.2
    Building [===============>         ] 287/433: zeroize, libp2p-swarm-derive, derive_more-impl, async-trait, zeroco…    Building [===============>         ] 288/433: zeroize, libp2p-swarm-derive, derive_more-impl, async-trait, zeroco…    Building [===============>         ] 289/433: zeroize, libp2p-swarm-derive, derive_more-impl, async-trait, zeroco…    Building [===============>         ] 290/433: zeroize, libp2p-swarm-derive, derive_more-impl, async-trait, zeroco…    Checking multibase v0.9.2
    Building [===============>         ] 291/433: zeroize, libp2p-swarm-derive, derive_more-impl, async-trait, zeroco…    Building [===============>         ] 292/433: zeroize, libp2p-swarm-derive, derive_more-impl, async-trait, zeroco…    Checking tokio v1.50.0
    Building [===============>         ] 293/433: zeroize, libp2p-swarm-derive, derive_more-impl, async-trait, zeroco…    Checking curve25519-dalek v4.1.3
    Building [===============>         ] 294/433: libp2p-swarm-derive, derive_more-impl, async-trait, zerocopy-derive…    Building [================>        ] 295/433: derive_more-impl, async-trait, zerocopy-derive, monostate, zerofrom…    Checking futures-util v0.3.32
    Building [================>        ] 296/433: derive_more-impl, async-trait, zerocopy-derive, monostate, zerofrom…    Building [================>        ] 297/433: derive_more-impl, async-trait, zerocopy-derive, zerofrom-derive, da…    Building [================>        ] 298/433: derive_more-impl, async-trait, zerocopy-derive, zerofrom-derive, da…    Checking derive_more v2.1.1
    Building [================>        ] 299/433: async-trait, zerocopy-derive, zerofrom-derive, darling_core, tokio,…    Building [================>        ] 300/433: async-trait, zerocopy-derive, zerofrom-derive, darling_core, tokio,…    Building [================>        ] 301/433: zerocopy-derive, zerofrom-derive, darling_core, tokio, futures-util…    Checking zerofrom v0.1.6
    Building [================>        ] 302/433: zerocopy-derive, darling_core, tokio, futures-util, mlua-sys(build)…    Checking crossterm v0.29.0
    Building [================>        ] 303/433: zerocopy-derive, darling_core, tokio, futures-util, mlua-sys(build)…    Checking pin-project v1.1.11
    Building [================>        ] 304/433: zerocopy-derive, pin-project, darling_core, tokio, futures-util, ml…    Building [================>        ] 305/433: zerocopy-derive, pin-project, darling_core, tokio, futures-util, ml…    Building [================>        ] 306/433: zerocopy-derive, pin-project, darling_core, tokio, futures-util, da…    Checking tracing v0.1.44
    Building [================>        ] 307/433: zerocopy-derive, pin-project, darling_core, tokio, futures-util, da…    Building [================>        ] 308/433: zerocopy-derive, darling_core, tokio, futures-util, darling_core, z…    Checking yoke v0.8.1
    Building [================>        ] 309/433: zerocopy-derive, darling_core, tokio, futures-util, darling_core, s…    Checking thiserror v2.0.18
    Building [================>        ] 310/433: zerocopy-derive, thiserror, darling_core, tokio, futures-util, darl…    Checking thiserror v1.0.69
    Building [================>        ] 311/433: zerocopy-derive, thiserror, darling_core, tokio, futures-util, darl…    Building [=================>       ] 312/433: zerocopy-derive, thiserror, darling_core, tokio, futures-util, darl…    Building [=================>       ] 313/433: zerocopy-derive, thiserror, darling_core, tokio, futures-util, darl…    Checking bytemuck v1.25.0
    Building [=================>       ] 314/433: zerocopy-derive, thiserror, bytemuck, darling_core, tokio, futures-…    Checking kasuari v0.4.12
    Checking shimmytok v0.7.0
    Building [=================>       ] 315/433: zerocopy-derive, kasuari, bytemuck, darling_core, tokio, shimmytok,…    Building [=================>       ] 316/433: zerocopy-derive, kasuari, bytemuck, darling_core, tokio, shimmytok,…    Checking tracing-subscriber v0.3.22
    Building [=================>       ] 317/433: tracing-subscriber, zerocopy-derive, kasuari, bytemuck, darling_cor…    Checking zerovec v0.11.5
    Checking zerotrie v0.2.3
    Building [=================>       ] 318/433: tracing-subscriber, zerocopy-derive, kasuari, bytemuck, darling_cor…    Checking onig v6.5.1
    Checking zerocopy v0.8.42
    Building [=================>       ] 320/433: tracing-subscriber, onig, kasuari, bytemuck, darling_core, tokio, s…    Checking num-complex v0.4.6
    Checking dyn-stack v0.13.2
    Building [=================>       ] 321/433: tracing-subscriber, onig, kasuari, darling_core, tokio, shimmytok, …    Building [=================>       ] 322/433: tracing-subscriber, onig, darling_core, tokio, shimmytok, futures-u…   Compiling darling_macro v0.20.11
    Building [=================>       ] 323/433: tracing-subscriber, onig, darling_core, tokio, shimmytok, futures-u…    Building [=================>       ] 324/433: tracing-subscriber, onig, darling_core, tokio, shimmytok, futures-u…    Building [=================>       ] 325/433: tracing-subscriber, onig, darling_core, tokio, shimmytok, futures-u…    Building [=================>       ] 326/433: tracing-subscriber, onig, darling_core, tokio, shimmytok, futures-u…    Building [=================>       ] 327/433: tracing-subscriber, onig, darling_core, tokio, futures-util, serde_…   Compiling darling_macro v0.23.0
    Building [=================>       ] 328/433: tracing-subscriber, onig, tokio, futures-util, serde_derive, num-co…    Checking ed25519-dalek v2.2.0
    Checking x25519-dalek v2.0.1
    Building [=================>       ] 329/433: tracing-subscriber, onig, tokio, ed25519-dalek, futures-util, x2551…    Building [==================>      ] 330/433: tracing-subscriber, tokio, ed25519-dalek, futures-util, x25519-dale…    Checking pulp v0.22.2
    Building [==================>      ] 331/433: tracing-subscriber, tokio, ed25519-dalek, futures-util, x25519-dale…    Checking strum v0.27.2
    Building [==================>      ] 332/433: tracing-subscriber, tokio, ed25519-dalek, futures-util, x25519-dale…    Building [==================>      ] 333/433: tracing-subscriber, tokio, ed25519-dalek, futures-util, serde_deriv…    Checking tinystr v0.8.2
    Checking potential_utf v0.1.4
    Building [==================>      ] 334/433: tracing-subscriber, potential_utf, tokio, ed25519-dalek, futures-ut…   Compiling darling v0.20.11
    Building [==================>      ] 335/433: tracing-subscriber, potential_utf, tokio, ed25519-dalek, futures-ut…    Building [==================>      ] 336/433: tracing-subscriber, potential_utf, tokio, futures-util, darling, se…    Building [==================>      ] 337/433: tracing-subscriber, potential_utf, tokio, futures-util, darling, se…   Compiling derive_builder_core v0.20.2
    Building [==================>      ] 337/433: derive_builder_core, tracing-subscriber, potential_utf, tokio, futu…   Compiling wrapcenum-derive v0.4.1
    Building [==================>      ] 338/433: derive_builder_core, tracing-subscriber, potential_utf, tokio, futu…    Checking icu_collections v2.1.1
    Building [==================>      ] 339/433: derive_builder_core, tracing-subscriber, tokio, futures-util, serde…   Compiling darling v0.23.0
    Building [==================>      ] 340/433: derive_builder_core, tracing-subscriber, darling, tokio, futures-ut…    Checking icu_locale_core v2.1.1
    Building [==================>      ] 341/433: derive_builder_core, tracing-subscriber, darling, tokio, futures-ut…   Compiling instability v0.3.12
    Building [==================>      ] 342/433: derive_builder_core, tracing-subscriber, tokio, futures-util, serde…    Building [==================>      ] 343/433: derive_builder_core, tracing-subscriber, tokio, futures-util, serde…    Checking nvml-wrapper v0.11.0
    Building [==================>      ] 344/433: derive_builder_core, tracing-subscriber, nvml-wrapper, tokio, futur…    Checking tracing-appender v0.2.4
    Building [==================>      ] 345/433: derive_builder_core, tracing-appender, nvml-wrapper, tokio, futures…    Checking serde v1.0.228
    Building [==================>      ] 346/433: derive_builder_core, serde, tracing-appender, nvml-wrapper, tokio, …    Building [===================>     ] 347/433: derive_builder_core, serde, tracing-appender, nvml-wrapper, tokio, …    Building [===================>     ] 348/433: derive_builder_core, serde, nvml-wrapper, tokio, futures-util, icu_…   Compiling derive_builder_macro v0.20.2
    Building [===================>     ] 349/433: serde, nvml-wrapper, tokio, futures-util, icu_locale_core, pulp, de…    Checking icu_provider v2.1.1
    Building [===================>     ] 350/433: serde, nvml-wrapper, tokio, futures-util, pulp, derive_builder_macr…    Checking compact_str v0.9.0
    Checking dary_heap v0.3.8
    Checking spm_precompiled v0.1.4
    Checking safetensors v0.7.0
    Checking serde_spanned v0.6.9
    Checking toml_datetime v0.6.11
    Checking serde_plain v1.0.2
    Checking bincode v1.3.3
    Building [===================>     ] 351/433: nvml-wrapper, tokio, safetensors, futures-util, bincode, toml_datet…    Checking icu_normalizer v2.1.1
    Checking icu_properties v2.1.2
    Building [===================>     ] 352/433: nvml-wrapper, tokio, safetensors, futures-util, icu_normalizer, bin…    Checking derive_builder v0.20.2
    Building [===================>     ] 353/433: nvml-wrapper, tokio, safetensors, futures-util, icu_normalizer, der…    Building [===================>     ] 354/433: nvml-wrapper, tokio, safetensors, futures-util, icu_normalizer, der…    Building [===================>     ] 355/433: nvml-wrapper, tokio, safetensors, futures-util, icu_normalizer, der…    Building [===================>     ] 356/433: nvml-wrapper, tokio, safetensors, futures-util, icu_normalizer, der…    Building [===================>     ] 357/433: nvml-wrapper, tokio, safetensors, futures-util, icu_normalizer, bin…    Building [===================>     ] 358/433: nvml-wrapper, tokio, safetensors, futures-util, icu_normalizer, bin…    Checking toml_edit v0.22.27
    Building [===================>     ] 359/433: nvml-wrapper, tokio, safetensors, futures-util, icu_normalizer, bin…    Building [===================>     ] 360/433: nvml-wrapper, tokio, futures-util, icu_normalizer, bincode, toml_ed…    Building [===================>     ] 361/433: nvml-wrapper, tokio, futures-util, icu_normalizer, toml_edit, compa…    Building [===================>     ] 362/433: nvml-wrapper, tokio, futures-util, toml_edit, compact_str, pulp, ze…    Building [===================>     ] 363/433: tokio, futures-util, toml_edit, compact_str, pulp, zerocopy, icu_pr…    Checking ratatui-core v0.1.0
    Building [====================>    ] 364/433: ratatui-core, tokio, futures-util, toml_edit, pulp, zerocopy, icu_p…    Checking futures-executor v0.3.32
    Checking asynchronous-codec v0.7.0
    Checking futures-bounded v0.2.4
    Checking mlua v0.12.0-rc.1
    Building [====================>    ] 365/433: asynchronous-codec, ratatui-core, tokio, futures-executor, toml_edi…    Building [====================>    ] 366/433: asynchronous-codec, ratatui-core, tokio, futures-executor, toml_edi…    Checking futures v0.3.32
    Building [====================>    ] 367/433: futures, asynchronous-codec, ratatui-core, tokio, toml_edit, pulp, …    Checking quick-protobuf-codec v0.3.1
    Building [====================>    ] 368/433: futures, ratatui-core, tokio, toml_edit, pulp, mlua, zerocopy, icu_…    Checking rw-stream-sink v0.4.0
    Checking multistream-select v0.13.0
    Building [====================>    ] 369/433: ratatui-core, tokio, multistream-select, toml_edit, pulp, mlua, zer…    Building [====================>    ] 370/433: ratatui-core, tokio, multistream-select, toml_edit, pulp, mlua, zer…    Building [====================>    ] 371/433: ratatui-core, tokio, multistream-select, toml_edit, pulp, mlua, zer…    Checking idna_adapter v1.2.1
    Building [====================>    ] 372/433: idna_adapter, ratatui-core, tokio, multistream-select, toml_edit, p…    Building [====================>    ] 373/433: idna_adapter, ratatui-core, tokio, toml_edit, pulp, mlua, zerocopy      Checking idna v1.1.0
    Building [====================>    ] 374/433: idna, ratatui-core, tokio, toml_edit, pulp, mlua, zerocopy              Checking ratatui-widgets v0.3.0
    Checking ratatui-crossterm v0.1.0
    Building [====================>    ] 375/433: idna, ratatui-widgets, ratatui-crossterm, tokio, toml_edit, pulp, m…    Checking url v2.5.8
    Building [====================>    ] 376/433: url, ratatui-widgets, ratatui-crossterm, tokio, toml_edit, pulp, ml…    Building [====================>    ] 377/433: url, ratatui-widgets, tokio, toml_edit, pulp, mlua, zerocopy            Checking toml v0.8.23
    Building [====================>    ] 378/433: url, ratatui-widgets, toml, tokio, pulp, mlua, zerocopy                 Building [====================>    ] 379/433: ratatui-widgets, toml, tokio, pulp, mlua, zerocopy                      Checking netlink-sys v0.8.8
    Checking tokio-util v0.7.18
    Building [====================>    ] 380/433: ratatui-widgets, toml, pulp, mlua, tokio-util, zerocopy, netlink-sys    Checking ppv-lite86 v0.2.21
    Checking ahash v0.8.12
    Building [====================>    ] 381/433: ratatui-widgets, toml, ahash, pulp, mlua, ppv-lite86, tokio-util, n…    Building [=====================>   ] 382/433: ratatui-widgets, ahash, pulp, mlua, ppv-lite86, tokio-util, netlink…    Checking netlink-proto v0.12.0
    Building [=====================>   ] 383/433: ratatui-widgets, ahash, pulp, mlua, ppv-lite86, netlink-proto, toki…    Building [=====================>   ] 384/433: ratatui-widgets, ahash, mlua, ppv-lite86, netlink-proto, tokio-util     Checking ratatui-macros v0.7.0
    Building [=====================>   ] 385/433: ratatui-macros, ahash, mlua, ppv-lite86, netlink-proto, tokio-util      Building [=====================>   ] 386/433: ratatui-macros, mlua, ppv-lite86, netlink-proto, tokio-util             Checking ratatui v0.30.0
    Checking rtnetlink v0.20.0
    Building [=====================>   ] 388/433: rtnetlink, mlua, ppv-lite86, ratatui, tokio-util                        Checking rand_chacha v0.9.0
    Checking rand_chacha v0.3.1
    Building [=====================>   ] 389/433: rand_chacha, rtnetlink, mlua, ratatui, tokio-util, rand_chacha          Building [=====================>   ] 390/433: rand_chacha, rtnetlink, ratatui, tokio-util, rand_chacha                Building [=====================>   ] 391/433: rand_chacha, rtnetlink, tokio-util, rand_chacha                         Checking rand v0.9.2
    Building [=====================>   ] 392/433: rtnetlink, rand, tokio-util, rand_chacha                                Checking rand v0.8.5
    Building [=====================>   ] 393/433: rtnetlink, rand, tokio-util, rand                                       Building [=====================>   ] 394/433: rtnetlink, rand, rand                                                   Checking if-watch v3.2.2
    Building [=====================>   ] 395/433: if-watch, rand, rand                                                    Building [=====================>   ] 396/433: rand, rand                                                              Checking rand_distr v0.5.1
    Checking tokenizers v0.22.2
    Checking hickory-proto v0.25.2
    Checking yamux v0.13.10
    Building [=====================>   ] 397/433: rand_distr, tokenizers, hickory-proto, yamux, rand                      Checking libp2p-identity v0.2.13
    Checking yamux v0.12.1
    Checking twox-hash v1.6.3
    Building [=====================>   ] 398/433: rand_distr, yamux, tokenizers, hickory-proto, yamux, twox-hash, lib…    Checking multiaddr v0.18.2
    Building [======================>  ] 399/433: multiaddr, rand_distr, yamux, tokenizers, hickory-proto, yamux, two…    Building [======================>  ] 400/433: multiaddr, rand_distr, yamux, tokenizers, hickory-proto, yamux          Building [======================>  ] 401/433: multiaddr, rand_distr, yamux, tokenizers, hickory-proto                 Building [======================>  ] 402/433: multiaddr, rand_distr, tokenizers, hickory-proto                        Checking half v2.7.1
    Building [======================>  ] 403/433: multiaddr, tokenizers, hickory-proto, half                              Checking libp2p-core v0.43.2
    Building [======================>  ] 404/433: tokenizers, hickory-proto, libp2p-core, half                            Checking gemm-common v0.19.0
    Checking float8 v0.7.0
    Building [======================>  ] 405/433: float8, tokenizers, hickory-proto, libp2p-core, gemm-common             Building [======================>  ] 406/433: tokenizers, hickory-proto, libp2p-core, gemm-common                     Checking gemm-f32 v0.19.0
    Checking gemm-c32 v0.19.0
    Checking gemm-f64 v0.19.0
    Checking gemm-c64 v0.19.0
    Building [======================>  ] 407/433: gemm-f32, gemm-c32, tokenizers, hickory-proto, libp2p-core, gemm-f6…    Checking libp2p-swarm v0.47.1
    Checking libp2p-yamux v0.47.0
    Checking libp2p-tcp v0.44.1
    Checking libp2p-noise v0.46.1
    Building [======================>  ] 408/433: gemm-f32, gemm-c32, libp2p-tcp, libp2p-swarm, tokenizers, libp2p-no…    Building [======================>  ] 409/433: gemm-f32, gemm-c32, libp2p-tcp, libp2p-swarm, tokenizers, libp2p-no…    Building [======================>  ] 410/433: gemm-f32, gemm-c32, libp2p-tcp, libp2p-swarm, tokenizers, libp2p-no…    Checking gemm-f16 v0.19.0
    Building [======================>  ] 411/433: gemm-c32, gemm-f16, libp2p-tcp, libp2p-swarm, tokenizers, libp2p-no…    Building [======================>  ] 412/433: gemm-c32, gemm-f16, libp2p-swarm, tokenizers, libp2p-noise, hickory…    Building [======================>  ] 413/433: gemm-c32, gemm-f16, libp2p-swarm, tokenizers, hickory-proto, gemm-c…    Building [======================>  ] 414/433: gemm-c32, libp2p-swarm, tokenizers, hickory-proto, gemm-c64             Building [======================>  ] 415/433: gemm-c32, libp2p-swarm, tokenizers, gemm-c64                            Building [=======================> ] 416/433: gemm-c32, libp2p-swarm, tokenizers                                      Checking gemm v0.19.0
    Building [=======================> ] 417/433: libp2p-swarm, tokenizers, gemm                                          Building [=======================> ] 418/433: libp2p-swarm, tokenizers                                                Checking libp2p-ping v0.47.0
    Checking libp2p-allow-block-list v0.6.0
    Checking libp2p-mdns v0.48.0
    Checking libp2p-kad v0.48.0
    Checking libp2p-request-response v0.29.0
    Checking libp2p-connection-limits v0.6.0
    Checking libp2p-stream v0.4.0-alpha
    Building [=======================> ] 419/433: libp2p-allow-block-list, libp2p-ping, libp2p-kad, tokenizers, libp2…    Building [=======================> ] 420/433: libp2p-ping, libp2p-kad, tokenizers, libp2p-request-response, libp2…    Building [=======================> ] 421/433: libp2p-ping, libp2p-kad, tokenizers, libp2p-request-response, libp2…    Building [=======================> ] 422/433: libp2p-kad, tokenizers, libp2p-request-response, libp2p-stream, lib…    Building [=======================> ] 423/433: libp2p-kad, tokenizers, libp2p-request-response, libp2p-mdns            Building [=======================> ] 424/433: libp2p-kad, tokenizers, libp2p-mdns                                     Building [=======================> ] 425/433: libp2p-kad, tokenizers                                                  Checking candle-core v0.10.2
    Building [=======================> ] 426/433: libp2p-kad, candle-core                                                 Checking libp2p v0.56.0
    Building [=======================> ] 427/433: libp2p, candle-core                                                     Building [=======================> ] 428/433: candle-core                                                             Checking candle-nn v0.10.2
    Building [=======================> ] 429/433: candle-nn                                                               Checking candle-transformers v0.10.2
    Building [=======================> ] 430/433: candle-transformers                                                     Checking Pleiades v0.1.0 (/workspace)
    Building [=======================> ] 431/433: Pleiades                                                            warning: unused imports: `debug` and `error`
  --> Src/Network/network_service.rs:43:15
   |
43 | use tracing::{debug, error, info, warn};
   |               ^^^^^  ^^^^^
   |
   = note: `#[warn(unused_imports)]` (part of `#[warn(unused)]`) on by default

warning: unused imports: `DataType` and `Network_Data`
  --> Src/Network/network_service.rs:49:5
   |
49 |     DataType, Network_Data, PleiadesCodec, DATA_PROTOCOL,
   |     ^^^^^^^^  ^^^^^^^^^^^^

    Building [=======================> ] 431/433: Pleiades                                                            warning: unused import: `PeerId`
 --> Src/Network/command_handler.rs:8:19
  |
8 | use libp2p::{kad, PeerId};
  |                   ^^^^^^

    Building [=======================> ] 431/433: Pleiades                                                            warning: unused imports: `Multiaddr` and `PeerId`
 --> Src/Network/swarm_events.rs:8:68
  |
8 | use libp2p::{kad, mdns, ping, request_response, swarm::SwarmEvent, Multiaddr, PeerId};
  |                                                                    ^^^^^^^^^  ^^^^^^

    Building [=======================> ] 431/433: Pleiades                                                            warning: unused import: `JobResult`
 --> Src/Orchestrator/core/branch_lifecycle.rs:9:32
  |
9 | use crate::orchestrator::job::{JobResult, LifecycleEvent};
  |                                ^^^^^^^^^

    Building [=======================> ] 431/433: Pleiades                                                            warning: unused import: `NotifyLevel`
  --> Src/EventBus/event_bus.rs:14:31
   |
14 | use super::event::{Bus_Event, NotifyLevel};
   |                               ^^^^^^^^^^^

    Building [=======================> ] 431/433: Pleiades                                                            warning: unused import: `std::sync::Arc`
  --> Src/TUI/mod.rs:41:5
   |
41 | use std::sync::Arc;
   |     ^^^^^^^^^^^^^^

    Building [=======================> ] 431/433: Pleiades                                                            warning: function `query_system_memory_mb` is never used
   --> Src/Orchestrator/mod.rs:110:4
    |
110 | fn query_system_memory_mb() -> u64 {
    |    ^^^^^^^^^^^^^^^^^^^^^^
    |
    = note: `#[warn(dead_code)]` (part of `#[warn(unused)]`) on by default

    Building [=======================> ] 431/433: Pleiades                                                            warning: function `query_cuda_memory_mb` is never used
   --> Src/Orchestrator/mod.rs:117:4
    |
117 | fn query_cuda_memory_mb() -> u64 {
    |    ^^^^^^^^^^^^^^^^^^^^

    Building [=======================> ] 431/433: Pleiades                                                            warning: function `query_free_memory_mb` is never used
   --> Src/Orchestrator/mod.rs:133:15
    |
133 | pub(crate) fn query_free_memory_mb(device: &str) -> u64 {
    |               ^^^^^^^^^^^^^^^^^^^^

    Building [=======================> ] 431/433: Pleiades                                                            warning: fields `kind` and `inference_id` are never read
  --> Src/Orchestrator/core.rs:41:5
   |
40 | struct JobHandle {
   |        --------- fields in this struct
41 |     kind: JobKind,
   |     ^^^^
42 |     cancel: CancellationToken,
43 |     inference_id: Option<u64>,
   |     ^^^^^^^^^^^^

    Building [=======================> ] 431/433: Pleiades                                                            warning: field `lifecycle_tx` is never read
  --> Src/Orchestrator/core.rs:77:5
   |
59 | pub struct Core {
   |            ---- field in this struct
...
77 |     lifecycle_tx: mpsc::Sender<LifecycleEvent>,
   |     ^^^^^^^^^^^^

    Building [=======================> ] 431/433: Pleiades                                                            warning: method `register_job` is never used
   --> Src/Orchestrator/core.rs:157:8
    |
 87 | impl Core {
    | --------- method in this implementation
...
157 |     fn register_job(&mut self, job_id: JobId, kind: JobKind) {
    |        ^^^^^^^^^^^^

    Building [=======================> ] 431/433: Pleiades                                                            warning: struct `JobExecutor` is never constructed
  --> Src/Orchestrator/core/job_executor.rs:19:12
   |
19 | pub struct JobExecutor {
   |            ^^^^^^^^^^^

    Building [=======================> ] 431/433: Pleiades                                                            warning: associated items `new` and `run` are never used
  --> Src/Orchestrator/core/job_executor.rs:28:12
   |
27 | impl JobExecutor {
   | ---------------- associated items in this implementation
28 |     pub fn new(
   |            ^^^
...
48 |     pub async fn run(self) {
   |                  ^^^

    Building [=======================> ] 431/433: Pleiades                                                            warning: fields `ml_input_tx` and `ml_output_rx` are never read
  --> Src/Session_Manager/session.rs:18:16
   |
11 | pub(crate) struct Session {
   |                   ------- fields in this struct
...
18 |     pub(crate) ml_input_tx: mpsc::Sender<String>,
   |                ^^^^^^^^^^^
19 |     /// ML Thread output 通道的接收端 — create_session 时存入，不再 drop
20 |     pub(crate) ml_output_rx: mpsc::Receiver<String>,
   |                ^^^^^^^^^^^^

    Building [=======================> ] 431/433: Pleiades                                                            warning: field `caps` is never read
  --> Src/Lua/network_stream.rs:17:5
   |
15 | pub struct NetworkStream {
   |            ------------- field in this struct
16 |     pub stream: Mutex<libp2p::Stream>,
17 |     caps: Arc<Capabilities>,
   |     ^^^^

    Building [=======================> ] 431/433: Pleiades                                                            warning: `Pleiades` (lib) generated 17 warnings (run `cargo fix --lib -p Pleiades` to apply 7 suggestions)
    Building [=======================> ] 432/433: Pleiades(bin)                                                           Finished `dev` profile [unoptimized + debuginfo] target(s) in 18.72s
