> cd /workspace && cargo check --no-default-features 2>&1
    Checking Pleiades v0.1.0 (/workspace)
    Building [=======================> ] 431/433: Pleiades                                                            warning: unused imports: `debug` and `error`
  --> Src/Network/network_service.rs:43:15
   |
43 | use tracing::{debug, error, info, warn};
   |               ^^^^^  ^^^^^
   |
   = note: `#[warn(unused_imports)]` (part of `#[warn(unused)]`) on by default

    Building [=======================> ] 431/433: Pleiades                                                            warning: unused imports: `DataType` and `Network_Data`
  --> Src/Network/network_service.rs:49:5
   |
49 |     DataType, Network_Data, PleiadesCodec, DATA_PROTOCOL,
   |     ^^^^^^^^  ^^^^^^^^^^^^

    Building [=======================> ] 431/433: Pleiades                                                            warning: unused import: `PeerId`
 --> Src/Network/command_handler.rs:8:19
  |
8 | use libp2p::{kad, PeerId};
  |                   ^^^^^^

    Building [=======================> ] 431/433: Pleiades                                                            warning: unused imports: `Multiaddr` and `PeerId`
 --> Src/Network/swarm_events.rs:8:68
  |
8 | use libp2p::{kad, mdns, ping, request_response, swarm::SwarmEvent, Multiaddr, PeerId};
  |                                                                    ^^^^^^^^^  ^^^^^^

    Building [=======================> ] 431/433: Pleiades                                                            warning: unused import: `JobResult`
 --> Src/Orchestrator/core/branch_lifecycle.rs:9:32
  |
9 | use crate::orchestrator::job::{JobResult, LifecycleEvent};
  |                                ^^^^^^^^^

    Building [=======================> ] 431/433: Pleiades                                                            warning: unused import: `NotifyLevel`
  --> Src/EventBus/event_bus.rs:14:31
   |
14 | use super::event::{Bus_Event, NotifyLevel};
   |                               ^^^^^^^^^^^

    Building [=======================> ] 431/433: Pleiades                                                            warning: unused import: `std::sync::Arc`
  --> Src/TUI/mod.rs:41:5
   |
41 | use std::sync::Arc;
   |     ^^^^^^^^^^^^^^

    Building [=======================> ] 431/433: Pleiades                                                            error[E0308]: mismatched types
  --> Src/PeerManagement/peer_info.rs:36:13
   |
36 |             id,
   |             ^^ expected `u32`, found `u64`
   |
help: you can convert a `u64` to a `u32` and panic if the converted value doesn't fit
   |
36 |             id: id.try_into().unwrap(),
   |             +++   ++++++++++++++++++++

    Building [=======================> ] 431/433: Pleiades                                                            error[E0308]: mismatched types
  --> Src/PeerManagement/peer_info.rs:53:13
   |
53 |             id,
   |             ^^ expected `u32`, found `u64`
   |
help: you can convert a `u64` to a `u32` and panic if the converted value doesn't fit
   |
53 |             id: id.try_into().unwrap(),
   |             +++   ++++++++++++++++++++

    Building [=======================> ] 431/433: Pleiades                                                            For more information about this error, try `rustc --explain E0308`.
    Building [=======================> ] 431/433: Pleiades                                                            warning: `Pleiades` (lib) generated 7 warnings
error: could not compile `Pleiades` (lib) due to 2 previous errors; 7 warnings emitted
